// Vitest Snapshot v1, https://vitest.dev/guide/snapshot.html

exports[`getWorkflowStepById should handle response status codes from GET endpoint > 400 status 1`] = `
{
  "description": Any<String>,
  "error": Any<String>,
  "user_error": Any<Boolean>,
}
`;

exports[`getWorkflowStepById should handle response status codes from GET endpoint > 401 status 1`] = `
{
  "description": Any<String>,
  "error": Any<String>,
  "user_error": Any<Boolean>,
}
`;

exports[`getWorkflowStepById should handle response status codes from GET endpoint > 403 status 1`] = `
{
  "description": Any<String>,
  "error": Any<String>,
  "user_error": Any<Boolean>,
}
`;

exports[`getWorkflowStepById should handle response status codes from GET endpoint > 404 status 1`] = `
{
  "description": Any<String>,
  "error": Any<String>,
  "user_error": Any<Boolean>,
}
`;

exports[`getWorkflowStepById should handle response status codes from GET endpoint > 500 status 1`] = `
{
  "description": Any<String>,
  "error": Any<String>,
  "user_error": Any<Boolean>,
}
`;
