// Vitest Snapshot v1, https://vitest.dev/guide/snapshot.html

exports[`getApp should handle response status codes from GET apps/:id endpoint > 400 status 1`] = `[Error: Unable to retrieve app.]`;

exports[`getApp should handle response status codes from GET apps/:id endpoint > 401 status 1`] = `[Error: Unable to retrieve app.]`;

exports[`getApp should handle response status codes from GET apps/:id endpoint > 403 status 1`] = `[Error: Unable to retrieve app.]`;

exports[`getApp should handle response status codes from GET apps/:id endpoint > 404 status 1`] = `[Error: Unable to retrieve app.]`;

exports[`getApp should handle response status codes from GET apps/:id endpoint > 500 status 1`] = `[Error: Unable to retrieve app.]`;

exports[`getAppActionWorkflow should handle response status codes from GET apps/:id/action-workflows endpoint > 400 status 1`] = `[Error: Unable to retrieve action workflow]`;

exports[`getAppActionWorkflow should handle response status codes from GET apps/:id/action-workflows endpoint > 401 status 1`] = `[Error: Unable to retrieve action workflow]`;

exports[`getAppActionWorkflow should handle response status codes from GET apps/:id/action-workflows endpoint > 403 status 1`] = `[Error: Unable to retrieve action workflow]`;

exports[`getAppActionWorkflow should handle response status codes from GET apps/:id/action-workflows endpoint > 404 status 1`] = `[Error: Unable to retrieve action workflow]`;

exports[`getAppActionWorkflow should handle response status codes from GET apps/:id/action-workflows endpoint > 500 status 1`] = `[Error: Unable to retrieve action workflow]`;

exports[`getAppActionWorkflows should handle response status codes from GET apps/:id/action-workflows endpoint > 400 status 1`] = `[Error: Unable to retrieve app action workflows]`;

exports[`getAppActionWorkflows should handle response status codes from GET apps/:id/action-workflows endpoint > 401 status 1`] = `[Error: Unable to retrieve app action workflows]`;

exports[`getAppActionWorkflows should handle response status codes from GET apps/:id/action-workflows endpoint > 403 status 1`] = `[Error: Unable to retrieve app action workflows]`;

exports[`getAppActionWorkflows should handle response status codes from GET apps/:id/action-workflows endpoint > 404 status 1`] = `[Error: Unable to retrieve app action workflows]`;

exports[`getAppActionWorkflows should handle response status codes from GET apps/:id/action-workflows endpoint > 500 status 1`] = `[Error: Unable to retrieve app action workflows]`;

exports[`getAppComponents should handle response status codes from GET apps/:id/components endpoint > 400 status 1`] = `[Error: Unable to retrieve app components]`;

exports[`getAppComponents should handle response status codes from GET apps/:id/components endpoint > 401 status 1`] = `[Error: Unable to retrieve app components]`;

exports[`getAppComponents should handle response status codes from GET apps/:id/components endpoint > 403 status 1`] = `[Error: Unable to retrieve app components]`;

exports[`getAppComponents should handle response status codes from GET apps/:id/components endpoint > 404 status 1`] = `[Error: Unable to retrieve app components]`;

exports[`getAppComponents should handle response status codes from GET apps/:id/components endpoint > 500 status 1`] = `[Error: Unable to retrieve app components]`;

exports[`getAppConfigs should handle response status codes from GET apps/:id/configs endpoint > 400 status 1`] = `[Error: Unable to retrieve app configs]`;

exports[`getAppConfigs should handle response status codes from GET apps/:id/configs endpoint > 401 status 1`] = `[Error: Unable to retrieve app configs]`;

exports[`getAppConfigs should handle response status codes from GET apps/:id/configs endpoint > 403 status 1`] = `[Error: Unable to retrieve app configs]`;

exports[`getAppConfigs should handle response status codes from GET apps/:id/configs endpoint > 404 status 1`] = `[Error: Unable to retrieve app configs]`;

exports[`getAppConfigs should handle response status codes from GET apps/:id/configs endpoint > 500 status 1`] = `[Error: Unable to retrieve app configs]`;

exports[`getAppInstalls should handle response status codes from GET apps/:id/installs endpoint > 400 status 1`] = `[Error: Unable to retrieve app installs]`;

exports[`getAppInstalls should handle response status codes from GET apps/:id/installs endpoint > 401 status 1`] = `[Error: Unable to retrieve app installs]`;

exports[`getAppInstalls should handle response status codes from GET apps/:id/installs endpoint > 403 status 1`] = `[Error: Unable to retrieve app installs]`;

exports[`getAppInstalls should handle response status codes from GET apps/:id/installs endpoint > 404 status 1`] = `[Error: Unable to retrieve app installs]`;

exports[`getAppInstalls should handle response status codes from GET apps/:id/installs endpoint > 500 status 1`] = `[Error: Unable to retrieve app installs]`;

exports[`getAppLatestConfig should handle response status codes from GET apps/:id/latest-config endpoint > 400 status 1`] = `[Error: Unable to retrieve latest app config]`;

exports[`getAppLatestConfig should handle response status codes from GET apps/:id/latest-config endpoint > 401 status 1`] = `[Error: Unable to retrieve latest app config]`;

exports[`getAppLatestConfig should handle response status codes from GET apps/:id/latest-config endpoint > 403 status 1`] = `[Error: Unable to retrieve latest app config]`;

exports[`getAppLatestConfig should handle response status codes from GET apps/:id/latest-config endpoint > 404 status 1`] = `[Error: Unable to retrieve latest app config]`;

exports[`getAppLatestConfig should handle response status codes from GET apps/:id/latest-config endpoint > 500 status 1`] = `[Error: Unable to retrieve latest app config]`;

exports[`getAppLatestInputConfig should handle response status codes from GET apps/:id/input-latest-config endpoint > 400 status 1`] = `[Error: Unable to retrieve latest input config]`;

exports[`getAppLatestInputConfig should handle response status codes from GET apps/:id/input-latest-config endpoint > 401 status 1`] = `[Error: Unable to retrieve latest input config]`;

exports[`getAppLatestInputConfig should handle response status codes from GET apps/:id/input-latest-config endpoint > 403 status 1`] = `[Error: Unable to retrieve latest input config]`;

exports[`getAppLatestInputConfig should handle response status codes from GET apps/:id/input-latest-config endpoint > 404 status 1`] = `[Error: Unable to retrieve latest input config]`;

exports[`getAppLatestInputConfig should handle response status codes from GET apps/:id/input-latest-config endpoint > 500 status 1`] = `[Error: Unable to retrieve latest input config]`;

exports[`getAppLatestRunnerConfig should handle response status codes from GET apps/:id/runner-latest-config endpoint > 400 status 1`] = `[Error: Unable to retrieve latest runner config]`;

exports[`getAppLatestRunnerConfig should handle response status codes from GET apps/:id/runner-latest-config endpoint > 401 status 1`] = `[Error: Unable to retrieve latest runner config]`;

exports[`getAppLatestRunnerConfig should handle response status codes from GET apps/:id/runner-latest-config endpoint > 403 status 1`] = `[Error: Unable to retrieve latest runner config]`;

exports[`getAppLatestRunnerConfig should handle response status codes from GET apps/:id/runner-latest-config endpoint > 404 status 1`] = `[Error: Unable to retrieve latest runner config]`;

exports[`getAppLatestRunnerConfig should handle response status codes from GET apps/:id/runner-latest-config endpoint > 500 status 1`] = `[Error: Unable to retrieve latest runner config]`;

exports[`getAppLatestSandboxConfig should handle response status codes from GET apps/:id/sandbox-latest-config endpoint > 400 status 1`] = `[Error: Unable to retrieve latest sandbox config]`;

exports[`getAppLatestSandboxConfig should handle response status codes from GET apps/:id/sandbox-latest-config endpoint > 401 status 1`] = `[Error: Unable to retrieve latest sandbox config]`;

exports[`getAppLatestSandboxConfig should handle response status codes from GET apps/:id/sandbox-latest-config endpoint > 403 status 1`] = `[Error: Unable to retrieve latest sandbox config]`;

exports[`getAppLatestSandboxConfig should handle response status codes from GET apps/:id/sandbox-latest-config endpoint > 404 status 1`] = `[Error: Unable to retrieve latest sandbox config]`;

exports[`getAppLatestSandboxConfig should handle response status codes from GET apps/:id/sandbox-latest-config endpoint > 500 status 1`] = `[Error: Unable to retrieve latest sandbox config]`;

exports[`getApps should handle response status codes from GET apps endpoint > 400 status 1`] = `[Error: Unable to retrieve your apps.]`;

exports[`getApps should handle response status codes from GET apps endpoint > 401 status 1`] = `[Error: Unable to retrieve your apps.]`;

exports[`getApps should handle response status codes from GET apps endpoint > 403 status 1`] = `[Error: Unable to retrieve your apps.]`;

exports[`getApps should handle response status codes from GET apps endpoint > 404 status 1`] = `[Error: Unable to retrieve your apps.]`;

exports[`getApps should handle response status codes from GET apps endpoint > 500 status 1`] = `[Error: Unable to retrieve your apps.]`;
