// Vitest Snapshot v1, https://vitest.dev/guide/snapshot.html

exports[`createComponentBuild should handle response status codes from POST components/:id/builds endpoint > 400 status 1`] = `[Error: Unable to kick off component build]`;

exports[`createComponentBuild should handle response status codes from POST components/:id/builds endpoint > 401 status 1`] = `[Error: Unable to kick off component build]`;

exports[`createComponentBuild should handle response status codes from POST components/:id/builds endpoint > 403 status 1`] = `[Error: Unable to kick off component build]`;

exports[`createComponentBuild should handle response status codes from POST components/:id/builds endpoint > 404 status 1`] = `[Error: Unable to kick off component build]`;

exports[`createComponentBuild should handle response status codes from POST components/:id/builds endpoint > 500 status 1`] = `[Error: Unable to kick off component build]`;

exports[`getComponent should handle response status codes from GET components/:id endpoint > 400 status 1`] = `[Error: Unable to retrieve component.]`;

exports[`getComponent should handle response status codes from GET components/:id endpoint > 401 status 1`] = `[Error: Unable to retrieve component.]`;

exports[`getComponent should handle response status codes from GET components/:id endpoint > 403 status 1`] = `[Error: Unable to retrieve component.]`;

exports[`getComponent should handle response status codes from GET components/:id endpoint > 404 status 1`] = `[Error: Unable to retrieve component.]`;

exports[`getComponent should handle response status codes from GET components/:id endpoint > 500 status 1`] = `[Error: Unable to retrieve component.]`;

exports[`getComponentBuild should handle response status codes from GET builds/:id endpoint > 400 status 1`] = `[Error: Unable to retrieve component build.]`;

exports[`getComponentBuild should handle response status codes from GET builds/:id endpoint > 401 status 1`] = `[Error: Unable to retrieve component build.]`;

exports[`getComponentBuild should handle response status codes from GET builds/:id endpoint > 403 status 1`] = `[Error: Unable to retrieve component build.]`;

exports[`getComponentBuild should handle response status codes from GET builds/:id endpoint > 404 status 1`] = `[Error: Unable to retrieve component build.]`;

exports[`getComponentBuild should handle response status codes from GET builds/:id endpoint > 500 status 1`] = `[Error: Unable to retrieve component build.]`;

exports[`getComponentBuilds should handle response status codes from GET components/:id/builds endpoint > 400 status 1`] = `[Error: Unable to retrieve component builds.]`;

exports[`getComponentBuilds should handle response status codes from GET components/:id/builds endpoint > 401 status 1`] = `[Error: Unable to retrieve component builds.]`;

exports[`getComponentBuilds should handle response status codes from GET components/:id/builds endpoint > 403 status 1`] = `[Error: Unable to retrieve component builds.]`;

exports[`getComponentBuilds should handle response status codes from GET components/:id/builds endpoint > 404 status 1`] = `[Error: Unable to retrieve component builds.]`;

exports[`getComponentBuilds should handle response status codes from GET components/:id/builds endpoint > 500 status 1`] = `[Error: Unable to retrieve component builds.]`;

exports[`getComponentConfig should handle response status codes from GET components/:id/configs endpoint > 400 status 1`] = `[Error: Unable to retrieve component config.]`;

exports[`getComponentConfig should handle response status codes from GET components/:id/configs endpoint > 401 status 1`] = `[Error: Unable to retrieve component config.]`;

exports[`getComponentConfig should handle response status codes from GET components/:id/configs endpoint > 403 status 1`] = `[Error: Unable to retrieve component config.]`;

exports[`getComponentConfig should handle response status codes from GET components/:id/configs endpoint > 404 status 1`] = `[Error: Unable to retrieve component config.]`;

exports[`getComponentConfig should handle response status codes from GET components/:id/configs endpoint > 500 status 1`] = `[Error: Unable to retrieve component config.]`;

exports[`getLatestComponentBuild should handle response status codes from GET components/:id/builds/latest endpoint > 400 status 1`] = `[Error: Unable to retrieve component build.]`;

exports[`getLatestComponentBuild should handle response status codes from GET components/:id/builds/latest endpoint > 401 status 1`] = `[Error: Unable to retrieve component build.]`;

exports[`getLatestComponentBuild should handle response status codes from GET components/:id/builds/latest endpoint > 403 status 1`] = `[Error: Unable to retrieve component build.]`;

exports[`getLatestComponentBuild should handle response status codes from GET components/:id/builds/latest endpoint > 404 status 1`] = `[Error: Unable to retrieve component build.]`;

exports[`getLatestComponentBuild should handle response status codes from GET components/:id/builds/latest endpoint > 500 status 1`] = `[Error: Unable to retrieve component build.]`;
