// Vitest Snapshot v1, https://vitest.dev/guide/snapshot.html

exports[`createInstall should handle response status codes from POST apps/:id/installs endpoint > 400 status 1`] = `[Error: Unable to create install.]`;

exports[`createInstall should handle response status codes from POST apps/:id/installs endpoint > 401 status 1`] = `[Error: Unable to create install.]`;

exports[`createInstall should handle response status codes from POST apps/:id/installs endpoint > 403 status 1`] = `[Error: Unable to create install.]`;

exports[`createInstall should handle response status codes from POST apps/:id/installs endpoint > 404 status 1`] = `[Error: Unable to create install.]`;

exports[`createInstall should handle response status codes from POST apps/:id/installs endpoint > 500 status 1`] = `[Error: Unable to create install.]`;

exports[`deployComponentBuild should handle response status codes from POST installs/:id/deploys endpoint > 400 status 1`] = `[Error: Unable to deploy component to install.]`;

exports[`deployComponentBuild should handle response status codes from POST installs/:id/deploys endpoint > 401 status 1`] = `[Error: Unable to deploy component to install.]`;

exports[`deployComponentBuild should handle response status codes from POST installs/:id/deploys endpoint > 403 status 1`] = `[Error: Unable to deploy component to install.]`;

exports[`deployComponentBuild should handle response status codes from POST installs/:id/deploys endpoint > 404 status 1`] = `[Error: Unable to deploy component to install.]`;

exports[`deployComponentBuild should handle response status codes from POST installs/:id/deploys endpoint > 500 status 1`] = `[Error: Unable to deploy component to install.]`;

exports[`deployComponents should handle response status codes from POST installs/:id/components/deploy-all endpoint > 400 status 1`] = `[Error: Unable to deploy components to install.]`;

exports[`deployComponents should handle response status codes from POST installs/:id/components/deploy-all endpoint > 401 status 1`] = `[Error: Unable to deploy components to install.]`;

exports[`deployComponents should handle response status codes from POST installs/:id/components/deploy-all endpoint > 403 status 1`] = `[Error: Unable to deploy components to install.]`;

exports[`deployComponents should handle response status codes from POST installs/:id/components/deploy-all endpoint > 404 status 1`] = `[Error: Unable to deploy components to install.]`;

exports[`deployComponents should handle response status codes from POST installs/:id/components/deploy-all endpoint > 500 status 1`] = `[Error: Unable to deploy components to install.]`;

exports[`forgetInstall should handle response status codes from POST installs/:id/forget endpoint > 400 status 1`] = `[Error: Unable to forget install.]`;

exports[`forgetInstall should handle response status codes from POST installs/:id/forget endpoint > 403 status 1`] = `[Error: Unable to forget install.]`;

exports[`forgetInstall should handle response status codes from POST installs/:id/forget endpoint > 404 status 1`] = `[Error: Unable to forget install.]`;

exports[`forgetInstall should handle response status codes from POST installs/:id/forget endpoint > 500 status 1`] = `[Error: Unable to forget install.]`;

exports[`getInstall should handle response status codes from GET installs/:id endpoint > 400 status 1`] = `[Error: Unable to retrieve install.]`;

exports[`getInstall should handle response status codes from GET installs/:id endpoint > 401 status 1`] = `[Error: Unable to retrieve install.]`;

exports[`getInstall should handle response status codes from GET installs/:id endpoint > 403 status 1`] = `[Error: Unable to retrieve install.]`;

exports[`getInstall should handle response status codes from GET installs/:id endpoint > 404 status 1`] = `[Error: Unable to retrieve install.]`;

exports[`getInstall should handle response status codes from GET installs/:id endpoint > 500 status 1`] = `[Error: Unable to retrieve install.]`;

exports[`getInstallActionWorkflowLatestRun should handle response status codes from GET installs/:id/action-workflows/latest-runs endpoint > 400 status 1`] = `[Error: Unable to retrieve latest install action workflow runs]`;

exports[`getInstallActionWorkflowLatestRun should handle response status codes from GET installs/:id/action-workflows/latest-runs endpoint > 401 status 1`] = `[Error: Unable to retrieve latest install action workflow runs]`;

exports[`getInstallActionWorkflowLatestRun should handle response status codes from GET installs/:id/action-workflows/latest-runs endpoint > 403 status 1`] = `[Error: Unable to retrieve latest install action workflow runs]`;

exports[`getInstallActionWorkflowLatestRun should handle response status codes from GET installs/:id/action-workflows/latest-runs endpoint > 404 status 1`] = `[Error: Unable to retrieve latest install action workflow runs]`;

exports[`getInstallActionWorkflowLatestRun should handle response status codes from GET installs/:id/action-workflows/latest-runs endpoint > 500 status 1`] = `[Error: Unable to retrieve latest install action workflow runs]`;

exports[`getInstallActionWorkflowRecentRun should handle response status codes from GET installs/:id/action-workflows/:id/recent-runs endpoint > 400 status 1`] = `[Error: Unable to retrieve install action workflow runs]`;

exports[`getInstallActionWorkflowRecentRun should handle response status codes from GET installs/:id/action-workflows/:id/recent-runs endpoint > 401 status 1`] = `[Error: Unable to retrieve install action workflow runs]`;

exports[`getInstallActionWorkflowRecentRun should handle response status codes from GET installs/:id/action-workflows/:id/recent-runs endpoint > 403 status 1`] = `[Error: Unable to retrieve install action workflow runs]`;

exports[`getInstallActionWorkflowRecentRun should handle response status codes from GET installs/:id/action-workflows/:id/recent-runs endpoint > 404 status 1`] = `[Error: Unable to retrieve install action workflow runs]`;

exports[`getInstallActionWorkflowRecentRun should handle response status codes from GET installs/:id/action-workflows/:id/recent-runs endpoint > 500 status 1`] = `[Error: Unable to retrieve install action workflow runs]`;

exports[`getInstallActionWorkflowRun should handle response status codes from GET installs/:id/action-workflows/runs/:id endpoint > 400 status 1`] = `[Error: Unable to retrieve install action workflow run.]`;

exports[`getInstallActionWorkflowRun should handle response status codes from GET installs/:id/action-workflows/runs/:id endpoint > 401 status 1`] = `[Error: Unable to retrieve install action workflow run.]`;

exports[`getInstallActionWorkflowRun should handle response status codes from GET installs/:id/action-workflows/runs/:id endpoint > 403 status 1`] = `[Error: Unable to retrieve install action workflow run.]`;

exports[`getInstallActionWorkflowRun should handle response status codes from GET installs/:id/action-workflows/runs/:id endpoint > 404 status 1`] = `[Error: Unable to retrieve install action workflow run.]`;

exports[`getInstallActionWorkflowRun should handle response status codes from GET installs/:id/action-workflows/runs/:id endpoint > 500 status 1`] = `[Error: Unable to retrieve install action workflow run.]`;

exports[`getInstallActionWorkflowRuns should handle response status codes from GET installs/:id/action-workflows/runs endpoint > 400 status 1`] = `[Error: Unable to retrieve install action workflow runs.]`;

exports[`getInstallActionWorkflowRuns should handle response status codes from GET installs/:id/action-workflows/runs endpoint > 401 status 1`] = `[Error: Unable to retrieve install action workflow runs.]`;

exports[`getInstallActionWorkflowRuns should handle response status codes from GET installs/:id/action-workflows/runs endpoint > 403 status 1`] = `[Error: Unable to retrieve install action workflow runs.]`;

exports[`getInstallActionWorkflowRuns should handle response status codes from GET installs/:id/action-workflows/runs endpoint > 404 status 1`] = `[Error: Unable to retrieve install action workflow runs.]`;

exports[`getInstallActionWorkflowRuns should handle response status codes from GET installs/:id/action-workflows/runs endpoint > 500 status 1`] = `[Error: Unable to retrieve install action workflow runs.]`;

exports[`getInstallComponent should handle response status codes from GET installs/:id/components endpoint > 400 status 1`] = `[Error: Unable to retrieve the components for this install.]`;

exports[`getInstallComponent should handle response status codes from GET installs/:id/components endpoint > 401 status 1`] = `[Error: Unable to retrieve the components for this install.]`;

exports[`getInstallComponent should handle response status codes from GET installs/:id/components endpoint > 403 status 1`] = `[Error: Unable to retrieve the components for this install.]`;

exports[`getInstallComponent should handle response status codes from GET installs/:id/components endpoint > 404 status 1`] = `[Error: Unable to retrieve the components for this install.]`;

exports[`getInstallComponent should handle response status codes from GET installs/:id/components endpoint > 500 status 1`] = `[Error: Unable to retrieve the components for this install.]`;

exports[`getInstallComponentDeploys should handle response status codes from GET installs/:id/components/:id/deploys endpoint > 400 status 1`] = `[Error: Unable to retrieve deployments for this install component.]`;

exports[`getInstallComponentDeploys should handle response status codes from GET installs/:id/components/:id/deploys endpoint > 401 status 1`] = `[Error: Unable to retrieve deployments for this install component.]`;

exports[`getInstallComponentDeploys should handle response status codes from GET installs/:id/components/:id/deploys endpoint > 403 status 1`] = `[Error: Unable to retrieve deployments for this install component.]`;

exports[`getInstallComponentDeploys should handle response status codes from GET installs/:id/components/:id/deploys endpoint > 404 status 1`] = `[Error: Unable to retrieve deployments for this install component.]`;

exports[`getInstallComponentDeploys should handle response status codes from GET installs/:id/components/:id/deploys endpoint > 500 status 1`] = `[Error: Unable to retrieve deployments for this install component.]`;

exports[`getInstallComponentOutputs should handle response status codes from GET installs/:id/components/:id/outputs endpoint > 400 status 1`] = `[Error: Unable to retrieve install component outputs.]`;

exports[`getInstallComponentOutputs should handle response status codes from GET installs/:id/components/:id/outputs endpoint > 401 status 1`] = `[Error: Unable to retrieve install component outputs.]`;

exports[`getInstallComponentOutputs should handle response status codes from GET installs/:id/components/:id/outputs endpoint > 403 status 1`] = `[Error: Unable to retrieve install component outputs.]`;

exports[`getInstallComponentOutputs should handle response status codes from GET installs/:id/components/:id/outputs endpoint > 404 status 1`] = `[Error: Unable to retrieve install component outputs.]`;

exports[`getInstallComponentOutputs should handle response status codes from GET installs/:id/components/:id/outputs endpoint > 500 status 1`] = `[Error: Unable to retrieve install component outputs.]`;

exports[`getInstallComponents should handle response status codes from GET installs/:id/components endpoint > 400 status 1`] = `[Error: Unable to retrieve the components for this install.]`;

exports[`getInstallComponents should handle response status codes from GET installs/:id/components endpoint > 401 status 1`] = `[Error: Unable to retrieve the components for this install.]`;

exports[`getInstallComponents should handle response status codes from GET installs/:id/components endpoint > 403 status 1`] = `[Error: Unable to retrieve the components for this install.]`;

exports[`getInstallComponents should handle response status codes from GET installs/:id/components endpoint > 404 status 1`] = `[Error: Unable to retrieve the components for this install.]`;

exports[`getInstallComponents should handle response status codes from GET installs/:id/components endpoint > 500 status 1`] = `[Error: Unable to retrieve the components for this install.]`;

exports[`getInstallCurrentInputs should handle response status codes from GET installs/:id/inputs/current endpoint > 400 status 1`] = `[Error: Unable to retrieve current install inputs.]`;

exports[`getInstallCurrentInputs should handle response status codes from GET installs/:id/inputs/current endpoint > 401 status 1`] = `[Error: Unable to retrieve current install inputs.]`;

exports[`getInstallCurrentInputs should handle response status codes from GET installs/:id/inputs/current endpoint > 403 status 1`] = `[Error: Unable to retrieve current install inputs.]`;

exports[`getInstallCurrentInputs should handle response status codes from GET installs/:id/inputs/current endpoint > 404 status 1`] = `[Error: Unable to retrieve current install inputs.]`;

exports[`getInstallCurrentInputs should handle response status codes from GET installs/:id/inputs/current endpoint > 500 status 1`] = `[Error: Unable to retrieve current install inputs.]`;

exports[`getInstallDeploy should handle response status codes from GET installs/:id/deploys/:id endpoint > 400 status 1`] = `[Error: Unable to retrieve install deployment.]`;

exports[`getInstallDeploy should handle response status codes from GET installs/:id/deploys/:id endpoint > 401 status 1`] = `[Error: Unable to retrieve install deployment.]`;

exports[`getInstallDeploy should handle response status codes from GET installs/:id/deploys/:id endpoint > 403 status 1`] = `[Error: Unable to retrieve install deployment.]`;

exports[`getInstallDeploy should handle response status codes from GET installs/:id/deploys/:id endpoint > 404 status 1`] = `[Error: Unable to retrieve install deployment.]`;

exports[`getInstallDeploy should handle response status codes from GET installs/:id/deploys/:id endpoint > 500 status 1`] = `[Error: Unable to retrieve install deployment.]`;

exports[`getInstallDeployPlan should handle response status codes from GET installs/:id/deploys/:id/plan endpoint > 400 status 1`] = `[Error: Unable to retrieve install deploy plan.]`;

exports[`getInstallDeployPlan should handle response status codes from GET installs/:id/deploys/:id/plan endpoint > 401 status 1`] = `[Error: Unable to retrieve install deploy plan.]`;

exports[`getInstallDeployPlan should handle response status codes from GET installs/:id/deploys/:id/plan endpoint > 403 status 1`] = `[Error: Unable to retrieve install deploy plan.]`;

exports[`getInstallDeployPlan should handle response status codes from GET installs/:id/deploys/:id/plan endpoint > 404 status 1`] = `[Error: Unable to retrieve install deploy plan.]`;

exports[`getInstallDeployPlan should handle response status codes from GET installs/:id/deploys/:id/plan endpoint > 500 status 1`] = `[Error: Unable to retrieve install deploy plan.]`;

exports[`getInstallEvents should handle response status codes from GET installs/:id/events endpoint > 400 status 1`] = `[Error: Unable to retrieve install events.]`;

exports[`getInstallEvents should handle response status codes from GET installs/:id/events endpoint > 401 status 1`] = `[Error: Unable to retrieve install events.]`;

exports[`getInstallEvents should handle response status codes from GET installs/:id/events endpoint > 403 status 1`] = `[Error: Unable to retrieve install events.]`;

exports[`getInstallEvents should handle response status codes from GET installs/:id/events endpoint > 404 status 1`] = `[Error: Unable to retrieve install events.]`;

exports[`getInstallEvents should handle response status codes from GET installs/:id/events endpoint > 500 status 1`] = `[Error: Unable to retrieve install events.]`;

exports[`getInstallReadme should handle response status codes from GET installs/:id/readme endpoint > 400 status 1`] = `[Error: Unable to retrieve the install README.]`;

exports[`getInstallReadme should handle response status codes from GET installs/:id/readme endpoint > 401 status 1`] = `[Error: Unable to retrieve the install README.]`;

exports[`getInstallReadme should handle response status codes from GET installs/:id/readme endpoint > 403 status 1`] = `[Error: Unable to retrieve the install README.]`;

exports[`getInstallReadme should handle response status codes from GET installs/:id/readme endpoint > 404 status 1`] = `[Error: Unable to retrieve the install README.]`;

exports[`getInstallReadme should handle response status codes from GET installs/:id/readme endpoint > 500 status 1`] = `[Error: Unable to retrieve the install README.]`;

exports[`getInstallRunnerGroup should handle response status codes from GET installs/:id/runner-group endpoint > 400 status 1`] = `[Error: Unable to retrieve install runner group.]`;

exports[`getInstallRunnerGroup should handle response status codes from GET installs/:id/runner-group endpoint > 401 status 1`] = `[Error: Unable to retrieve install runner group.]`;

exports[`getInstallRunnerGroup should handle response status codes from GET installs/:id/runner-group endpoint > 403 status 1`] = `[Error: Unable to retrieve install runner group.]`;

exports[`getInstallRunnerGroup should handle response status codes from GET installs/:id/runner-group endpoint > 404 status 1`] = `[Error: Unable to retrieve install runner group.]`;

exports[`getInstallRunnerGroup should handle response status codes from GET installs/:id/runner-group endpoint > 500 status 1`] = `[Error: Unable to retrieve install runner group.]`;

exports[`getInstallSandboxRun should handle response status codes from GET installs/:id/sandbox-runs endpoint > 400 status 1`] = `[Error: Unable to retrieve install sandbox run.]`;

exports[`getInstallSandboxRun should handle response status codes from GET installs/:id/sandbox-runs endpoint > 401 status 1`] = `[Error: Unable to retrieve install sandbox run.]`;

exports[`getInstallSandboxRun should handle response status codes from GET installs/:id/sandbox-runs endpoint > 403 status 1`] = `[Error: Unable to retrieve install sandbox run.]`;

exports[`getInstallSandboxRun should handle response status codes from GET installs/:id/sandbox-runs endpoint > 404 status 1`] = `[Error: Unable to retrieve install sandbox run.]`;

exports[`getInstallSandboxRun should handle response status codes from GET installs/:id/sandbox-runs endpoint > 500 status 1`] = `[Error: Unable to retrieve install sandbox run.]`;

exports[`getInstalls should handle response status codes from GET installs endpoint > 400 status 1`] = `[Error: Unable to retrieve your installs.]`;

exports[`getInstalls should handle response status codes from GET installs endpoint > 401 status 1`] = `[Error: Unable to retrieve your installs.]`;

exports[`getInstalls should handle response status codes from GET installs endpoint > 403 status 1`] = `[Error: Unable to retrieve your installs.]`;

exports[`getInstalls should handle response status codes from GET installs endpoint > 404 status 1`] = `[Error: Unable to retrieve your installs.]`;

exports[`getInstalls should handle response status codes from GET installs endpoint > 500 status 1`] = `[Error: Unable to retrieve your installs.]`;

exports[`reprovisionInstall should handle response status codes from POST installs/:id/reprovision endpoint > 400 status 1`] = `[Error: Unable to reprovision install.]`;

exports[`reprovisionInstall should handle response status codes from POST installs/:id/reprovision endpoint > 401 status 1`] = `[Error: Unable to reprovision install.]`;

exports[`reprovisionInstall should handle response status codes from POST installs/:id/reprovision endpoint > 403 status 1`] = `[Error: Unable to reprovision install.]`;

exports[`reprovisionInstall should handle response status codes from POST installs/:id/reprovision endpoint > 404 status 1`] = `[Error: Unable to reprovision install.]`;

exports[`reprovisionInstall should handle response status codes from POST installs/:id/reprovision endpoint > 500 status 1`] = `[Error: Unable to reprovision install.]`;

exports[`runInstallActionWorkflow should handle response status codes from POST installs/:id/reprovision endpoint > 400 status 1`] = `[Error: Unable to run action workflow on this install.]`;

exports[`runInstallActionWorkflow should handle response status codes from POST installs/:id/reprovision endpoint > 401 status 1`] = `[Error: Unable to run action workflow on this install.]`;

exports[`runInstallActionWorkflow should handle response status codes from POST installs/:id/reprovision endpoint > 403 status 1`] = `[Error: Unable to run action workflow on this install.]`;

exports[`runInstallActionWorkflow should handle response status codes from POST installs/:id/reprovision endpoint > 404 status 1`] = `[Error: Unable to run action workflow on this install.]`;

exports[`runInstallActionWorkflow should handle response status codes from POST installs/:id/reprovision endpoint > 500 status 1`] = `[Error: Unable to run action workflow on this install.]`;

exports[`teardownInstallComponents should handle response status codes from POST installs/:id/components/teardown-all endpoint > 400 status 1`] = `[Error: Unable to teardown install components.]`;

exports[`teardownInstallComponents should handle response status codes from POST installs/:id/components/teardown-all endpoint > 401 status 1`] = `[Error: Unable to teardown install components.]`;

exports[`teardownInstallComponents should handle response status codes from POST installs/:id/components/teardown-all endpoint > 403 status 1`] = `[Error: Unable to teardown install components.]`;

exports[`teardownInstallComponents should handle response status codes from POST installs/:id/components/teardown-all endpoint > 404 status 1`] = `[Error: Unable to teardown install components.]`;

exports[`teardownInstallComponents should handle response status codes from POST installs/:id/components/teardown-all endpoint > 500 status 1`] = `[Error: Unable to teardown install components.]`;

exports[`updateInstall should handle response status codes from PATCH installs/:id endpoint > 400 status 1`] = `[Error: Unable to update install.]`;

exports[`updateInstall should handle response status codes from PATCH installs/:id endpoint > 401 status 1`] = `[Error: Unable to update install.]`;

exports[`updateInstall should handle response status codes from PATCH installs/:id endpoint > 403 status 1`] = `[Error: Unable to update install.]`;

exports[`updateInstall should handle response status codes from PATCH installs/:id endpoint > 404 status 1`] = `[Error: Unable to update install.]`;

exports[`updateInstall should handle response status codes from PATCH installs/:id endpoint > 500 status 1`] = `[Error: Unable to update install.]`;
