// Vitest Snapshot v1, https://vitest.dev/guide/snapshot.html

exports[`forgetInstall should handle response status codes from POST installs/:id/forget endpoint > 400 status 1`] = `
{
  "description": Any<String>,
  "error": Any<String>,
  "user_error": Any<Boolean>,
}
`;

exports[`forgetInstall should handle response status codes from POST installs/:id/forget endpoint > 404 status 1`] = `
{
  "description": Any<String>,
  "error": Any<String>,
  "user_error": Any<Boolean>,
}
`;

exports[`forgetInstall should handle response status codes from POST installs/:id/forget endpoint > 500 status 1`] = `
{
  "description": Any<String>,
  "error": Any<String>,
  "user_error": Any<Boolean>,
}
`;
