// Vitest Snapshot v1, https://vitest.dev/guide/snapshot.html

exports[`updateInstallInputs should handle response status codes from PATCH installs/:installId/inputs endpoint > 400 status 1`] = `
{
  "description": Any<String>,
  "error": Any<String>,
  "user_error": Any<Boolean>,
}
`;

exports[`updateInstallInputs should handle response status codes from PATCH installs/:installId/inputs endpoint > 401 status 1`] = `
{
  "description": Any<String>,
  "error": Any<String>,
  "user_error": Any<Boolean>,
}
`;

exports[`updateInstallInputs should handle response status codes from PATCH installs/:installId/inputs endpoint > 403 status 1`] = `
{
  "description": Any<String>,
  "error": Any<String>,
  "user_error": Any<Boolean>,
}
`;

exports[`updateInstallInputs should handle response status codes from PATCH installs/:installId/inputs endpoint > 404 status 1`] = `
{
  "description": Any<String>,
  "error": Any<String>,
  "user_error": Any<Boolean>,
}
`;

exports[`updateInstallInputs should handle response status codes from PATCH installs/:installId/inputs endpoint > 500 status 1`] = `
{
  "description": Any<String>,
  "error": Any<String>,
  "user_error": Any<Boolean>,
}
`;
