// Vitest Snapshot v1, https://vitest.dev/guide/snapshot.html

exports[`getTerraformStates should handle response status codes from GET runners/terraform-workspace/:id/state-json endpoint > 400 status 1`] = `
{
  "description": Any<String>,
  "error": Any<String>,
  "user_error": Any<Boolean>,
}
`;

exports[`getTerraformStates should handle response status codes from GET runners/terraform-workspace/:id/state-json endpoint > 401 status 1`] = `
{
  "description": Any<String>,
  "error": Any<String>,
  "user_error": Any<Boolean>,
}
`;

exports[`getTerraformStates should handle response status codes from GET runners/terraform-workspace/:id/state-json endpoint > 403 status 1`] = `
{
  "description": Any<String>,
  "error": Any<String>,
  "user_error": Any<Boolean>,
}
`;

exports[`getTerraformStates should handle response status codes from GET runners/terraform-workspace/:id/state-json endpoint > 404 status 1`] = `
{
  "description": Any<String>,
  "error": Any<String>,
  "user_error": Any<Boolean>,
}
`;

exports[`getTerraformStates should handle response status codes from GET runners/terraform-workspace/:id/state-json endpoint > 500 status 1`] = `
{
  "description": Any<String>,
  "error": Any<String>,
  "user_error": Any<Boolean>,
}
`;
