// Vitest Snapshot v1, https://vitest.dev/guide/snapshot.html

exports[`deployComponent should handle response status codes from POST installs/:installId/deploys endpoint > 400 status 1`] = `
{
  "description": Any<String>,
  "error": Any<String>,
  "user_error": Any<Boolean>,
}
`;

exports[`deployComponent should handle response status codes from POST installs/:installId/deploys endpoint > 401 status 1`] = `
{
  "description": Any<String>,
  "error": Any<String>,
  "user_error": Any<Boolean>,
}
`;

exports[`deployComponent should handle response status codes from POST installs/:installId/deploys endpoint > 403 status 1`] = `
{
  "description": Any<String>,
  "error": Any<String>,
  "user_error": Any<Boolean>,
}
`;

exports[`deployComponent should handle response status codes from POST installs/:installId/deploys endpoint > 404 status 1`] = `
{
  "description": Any<String>,
  "error": Any<String>,
  "user_error": Any<Boolean>,
}
`;

exports[`deployComponent should handle response status codes from POST installs/:installId/deploys endpoint > 500 status 1`] = `
{
  "description": Any<String>,
  "error": Any<String>,
  "user_error": Any<Boolean>,
}
`;
