// Vitest Snapshot v1, https://vitest.dev/guide/snapshot.html

exports[`getInstallDriftedObjects should handle response status codes from GET installs/:installId/drifted-objects endpoint > 400 status 1`] = `
{
  "description": Any<String>,
  "error": Any<String>,
  "user_error": Any<Boolean>,
}
`;

exports[`getInstallDriftedObjects should handle response status codes from GET installs/:installId/drifted-objects endpoint > 401 status 1`] = `
{
  "description": Any<String>,
  "error": Any<String>,
  "user_error": Any<Boolean>,
}
`;

exports[`getInstallDriftedObjects should handle response status codes from GET installs/:installId/drifted-objects endpoint > 403 status 1`] = `
{
  "description": Any<String>,
  "error": Any<String>,
  "user_error": Any<Boolean>,
}
`;

exports[`getInstallDriftedObjects should handle response status codes from GET installs/:installId/drifted-objects endpoint > 404 status 1`] = `
{
  "description": Any<String>,
  "error": Any<String>,
  "user_error": Any<Boolean>,
}
`;

exports[`getInstallDriftedObjects should handle response status codes from GET installs/:installId/drifted-objects endpoint > 500 status 1`] = `
{
  "description": Any<String>,
  "error": Any<String>,
  "user_error": Any<Boolean>,
}
`;
