// Vitest Snapshot v1, https://vitest.dev/guide/snapshot.html

exports[`getInstallAuditLog should handle response status codes from GET installs/:id/audit_logs endpoint > 400 status 1`] = `
{
  "description": Any<String>,
  "error": Any<String>,
}
`;

exports[`getInstallAuditLog should handle response status codes from GET installs/:id/audit_logs endpoint > 401 status 1`] = `
{
  "description": Any<String>,
  "error": Any<String>,
}
`;

exports[`getInstallAuditLog should handle response status codes from GET installs/:id/audit_logs endpoint > 403 status 1`] = `
{
  "description": Any<String>,
  "error": Any<String>,
}
`;

exports[`getInstallAuditLog should handle response status codes from GET installs/:id/audit_logs endpoint > 404 status 1`] = `
{
  "description": Any<String>,
  "error": Any<String>,
}
`;

exports[`getInstallAuditLog should handle response status codes from GET installs/:id/audit_logs endpoint > 500 status 1`] = `
{
  "description": Any<String>,
  "error": Any<String>,
}
`;
