// Vitest Snapshot v1, https://vitest.dev/guide/snapshot.html

exports[`cancelRunnerJob should handle response status codes from POST runner-jobs/:id/cancel endpoint > 400 status 1`] = `[Error: Unable to cancel runner job.]`;

exports[`cancelRunnerJob should handle response status codes from POST runner-jobs/:id/cancel endpoint > 401 status 1`] = `[Error: Unable to cancel runner job.]`;

exports[`cancelRunnerJob should handle response status codes from POST runner-jobs/:id/cancel endpoint > 403 status 1`] = `[Error: Unable to cancel runner job.]`;

exports[`cancelRunnerJob should handle response status codes from POST runner-jobs/:id/cancel endpoint > 404 status 1`] = `[Error: Unable to cancel runner job.]`;

exports[`cancelRunnerJob should handle response status codes from POST runner-jobs/:id/cancel endpoint > 500 status 1`] = `[Error: Unable to cancel runner job.]`;

exports[`getLogStream should handle response status codes from GET log-streams/:id endpoint > 400 status 1`] = `[Error: Unable to retrieve log stream.]`;

exports[`getLogStream should handle response status codes from GET log-streams/:id endpoint > 401 status 1`] = `[Error: Unable to retrieve log stream.]`;

exports[`getLogStream should handle response status codes from GET log-streams/:id endpoint > 403 status 1`] = `[Error: Unable to retrieve log stream.]`;

exports[`getLogStream should handle response status codes from GET log-streams/:id endpoint > 404 status 1`] = `[Error: Unable to retrieve log stream.]`;

exports[`getLogStream should handle response status codes from GET log-streams/:id endpoint > 500 status 1`] = `[Error: Unable to retrieve log stream.]`;

exports[`getRunner should handle response status codes from GET runners/:id endpoint > 400 status 1`] = `[Error: Unable to retrieve runner.]`;

exports[`getRunner should handle response status codes from GET runners/:id endpoint > 401 status 1`] = `[Error: Unable to retrieve runner.]`;

exports[`getRunner should handle response status codes from GET runners/:id endpoint > 403 status 1`] = `[Error: Unable to retrieve runner.]`;

exports[`getRunner should handle response status codes from GET runners/:id endpoint > 404 status 1`] = `[Error: Unable to retrieve runner.]`;

exports[`getRunner should handle response status codes from GET runners/:id endpoint > 500 status 1`] = `[Error: Unable to retrieve runner.]`;

exports[`getRunnerHealthChecks should handle response status codes from GET runners/:id/recent-health-checks endpoint > 400 status 1`] = `[Error: Unable to retrieve runner recent health checks.]`;

exports[`getRunnerHealthChecks should handle response status codes from GET runners/:id/recent-health-checks endpoint > 401 status 1`] = `[Error: Unable to retrieve runner recent health checks.]`;

exports[`getRunnerHealthChecks should handle response status codes from GET runners/:id/recent-health-checks endpoint > 403 status 1`] = `[Error: Unable to retrieve runner recent health checks.]`;

exports[`getRunnerHealthChecks should handle response status codes from GET runners/:id/recent-health-checks endpoint > 404 status 1`] = `[Error: Unable to retrieve runner recent health checks.]`;

exports[`getRunnerHealthChecks should handle response status codes from GET runners/:id/recent-health-checks endpoint > 500 status 1`] = `[Error: Unable to retrieve runner recent health checks.]`;

exports[`getRunnerJob should handle response status codes from GET runner-jobs/:id endpoint > 400 status 1`] = `[Error: Unable to retrieve runner job.]`;

exports[`getRunnerJob should handle response status codes from GET runner-jobs/:id endpoint > 401 status 1`] = `[Error: Unable to retrieve runner job.]`;

exports[`getRunnerJob should handle response status codes from GET runner-jobs/:id endpoint > 403 status 1`] = `[Error: Unable to retrieve runner job.]`;

exports[`getRunnerJob should handle response status codes from GET runner-jobs/:id endpoint > 404 status 1`] = `[Error: Unable to retrieve runner job.]`;

exports[`getRunnerJob should handle response status codes from GET runner-jobs/:id endpoint > 500 status 1`] = `[Error: Unable to retrieve runner job.]`;

exports[`getRunnerJobs should handle response status codes from GET runners/:id/jobs endpoint > 400 status 1`] = `[Error: Unable to retrieve runner jobs.]`;

exports[`getRunnerJobs should handle response status codes from GET runners/:id/jobs endpoint > 400 status 2`] = `[Error: Snapshot \`getRunnerJobs should handle response status codes from GET runners/:id/jobs endpoint > 400 status 1\` mismatched]`;

exports[`getRunnerJobs should handle response status codes from GET runners/:id/jobs endpoint > 401 status 1`] = `[Error: Unable to retrieve runner jobs.]`;

exports[`getRunnerJobs should handle response status codes from GET runners/:id/jobs endpoint > 401 status 2`] = `[Error: Snapshot \`getRunnerJobs should handle response status codes from GET runners/:id/jobs endpoint > 401 status 1\` mismatched]`;

exports[`getRunnerJobs should handle response status codes from GET runners/:id/jobs endpoint > 403 status 1`] = `[Error: Unable to retrieve runner jobs.]`;

exports[`getRunnerJobs should handle response status codes from GET runners/:id/jobs endpoint > 403 status 2`] = `[Error: Snapshot \`getRunnerJobs should handle response status codes from GET runners/:id/jobs endpoint > 403 status 1\` mismatched]`;

exports[`getRunnerJobs should handle response status codes from GET runners/:id/jobs endpoint > 404 status 1`] = `[Error: Unable to retrieve runner jobs.]`;

exports[`getRunnerJobs should handle response status codes from GET runners/:id/jobs endpoint > 404 status 2`] = `[Error: Snapshot \`getRunnerJobs should handle response status codes from GET runners/:id/jobs endpoint > 404 status 1\` mismatched]`;

exports[`getRunnerJobs should handle response status codes from GET runners/:id/jobs endpoint > 500 status 1`] = `[Error: Unable to retrieve runner jobs.]`;

exports[`getRunnerJobs should handle response status codes from GET runners/:id/jobs endpoint > 500 status 2`] = `[Error: Snapshot \`getRunnerJobs should handle response status codes from GET runners/:id/jobs endpoint > 500 status 1\` mismatched]`;

exports[`getRunnerLatestHeartbeat should handle response status codes from GET runners/:id/latest-heart-beat endpoint > 400 status 1`] = `[Error: Unable to retrieve latest runner heartbeat.]`;

exports[`getRunnerLatestHeartbeat should handle response status codes from GET runners/:id/latest-heart-beat endpoint > 401 status 1`] = `[Error: Unable to retrieve latest runner heartbeat.]`;

exports[`getRunnerLatestHeartbeat should handle response status codes from GET runners/:id/latest-heart-beat endpoint > 403 status 1`] = `[Error: Unable to retrieve latest runner heartbeat.]`;

exports[`getRunnerLatestHeartbeat should handle response status codes from GET runners/:id/latest-heart-beat endpoint > 404 status 1`] = `[Error: Unable to retrieve latest runner heartbeat.]`;

exports[`getRunnerLatestHeartbeat should handle response status codes from GET runners/:id/latest-heart-beat endpoint > 500 status 1`] = `[Error: Unable to retrieve latest runner heartbeat.]`;
