// Vitest Snapshot v1, https://vitest.dev/guide/snapshot.html

exports[`getOrg should handle response status codes from GET orgs/current endpoint > 400 status 1`] = `[Error: Unable to retrieve organization.]`;

exports[`getOrg should handle response status codes from GET orgs/current endpoint > 401 status 1`] = `[Error: Unable to retrieve organization.]`;

exports[`getOrg should handle response status codes from GET orgs/current endpoint > 403 status 1`] = `[Error: Unable to retrieve organization.]`;

exports[`getOrg should handle response status codes from GET orgs/current endpoint > 404 status 1`] = `[Error: Unable to retrieve organization.]`;

exports[`getOrg should handle response status codes from GET orgs/current endpoint > 500 status 1`] = `[Error: Unable to retrieve organization.]`;

exports[`getOrgs should handle response status codes from GET orgs endpoint > 400 status 1`] = `[Error: Unable to retrieve your organizations.]`;

exports[`getOrgs should handle response status codes from GET orgs endpoint > 401 status 1`] = `[Error: Unable to retrieve your organizations.]`;

exports[`getOrgs should handle response status codes from GET orgs endpoint > 403 status 1`] = `[Error: Unable to retrieve your organizations.]`;

exports[`getOrgs should handle response status codes from GET orgs endpoint > 404 status 1`] = `[Error: Unable to retrieve your organizations.]`;

exports[`getOrgs should handle response status codes from GET orgs endpoint > 500 status 1`] = `[Error: Unable to retrieve your organizations.]`;

exports[`getVCSConnections should handle response status codes from GET vcs/connections endpoint > 400 status 1`] = `[Error: Unable to retrieve connected version control systems]`;

exports[`getVCSConnections should handle response status codes from GET vcs/connections endpoint > 401 status 1`] = `[Error: Unable to retrieve connected version control systems]`;

exports[`getVCSConnections should handle response status codes from GET vcs/connections endpoint > 403 status 1`] = `[Error: Unable to retrieve connected version control systems]`;

exports[`getVCSConnections should handle response status codes from GET vcs/connections endpoint > 404 status 1`] = `[Error: Unable to retrieve connected version control systems]`;

exports[`getVCSConnections should handle response status codes from GET vcs/connections endpoint > 500 status 1`] = `[Error: Unable to retrieve connected version control systems]`;

exports[`postOrg should handle response status codes from POST orgs endpoint > 400 status 1`] = `[Error: Unable to create your organization, refresh the page and try again.]`;

exports[`postOrg should handle response status codes from POST orgs endpoint > 401 status 1`] = `[Error: Unable to create your organization, refresh the page and try again.]`;

exports[`postOrg should handle response status codes from POST orgs endpoint > 403 status 1`] = `[Error: Unable to create your organization, refresh the page and try again.]`;

exports[`postOrg should handle response status codes from POST orgs endpoint > 404 status 1`] = `[Error: Unable to create your organization, refresh the page and try again.]`;

exports[`postOrg should handle response status codes from POST orgs endpoint > 500 status 1`] = `[Error: Unable to create your organization, refresh the page and try again.]`;
